[2026-04-28 00:13:44] INFO     topchef_desktop – Starting Top Chef Enterprise POS...
[2026-04-28 00:13:44] INFO     topchef_desktop – Splash: Initialising Tkinter...
[2026-04-28 00:13:44] INFO     topchef_desktop – Splash: Creating canvas...
[2026-05-03 01:53:37] INFO     topchef_desktop – Starting Top Chef Enterprise POS...
[2026-05-03 01:53:37] INFO     topchef_desktop – Splash: Initialising Tkinter...
[2026-05-03 01:53:37] INFO     topchef_desktop – Splash: Creating canvas...
[2026-05-03 01:53:37] INFO     topchef_desktop – Splash: Logo loaded successfully.
[2026-05-03 01:53:37] INFO     topchef_desktop – Splash: Entering mainloop.
[2026-05-03 01:53:39] INFO     topchef_desktop – Tray icon started
[2026-05-03 01:53:39] INFO     topchef_desktop – Launching desktop window via pywebview.
[2026-05-03 01:53:39] INFO     topchef_desktop – Starting pywebview event loop.
[2026-05-04 15:44:56] INFO     topchef_desktop – Starting Top Chef Enterprise POS...
[2026-05-04 15:44:56] INFO     topchef_desktop – Splash: Initialising Tkinter...
[2026-05-04 15:44:56] INFO     topchef_desktop – Splash: Creating canvas...
[2026-05-04 15:44:57] INFO     topchef_desktop – Splash: Logo loaded successfully.
[2026-05-04 15:44:57] INFO     topchef_desktop – Splash: Entering mainloop.
[2026-05-04 15:44:59] INFO     topchef_desktop – Tray icon started
[2026-05-04 15:44:59] INFO     topchef_desktop – Launching desktop window via pywebview.
[2026-05-04 15:44:59] INFO     topchef_desktop – Starting pywebview event loop.
[2026-05-04 17:15:29] INFO     topchef_desktop – Starting Top Chef Enterprise POS...
[2026-05-04 17:15:29] INFO     topchef_desktop – Splash: Initialising Tkinter...
[2026-05-04 17:15:29] INFO     topchef_desktop – Splash: Creating canvas...
[2026-05-04 17:15:29] INFO     topchef_desktop – Splash: Logo loaded successfully.
[2026-05-04 17:15:29] INFO     topchef_desktop – Splash: Entering mainloop.
[2026-05-04 17:15:31] INFO     topchef_desktop – Tray icon started
[2026-05-04 17:15:31] INFO     topchef_desktop – Launching desktop window via pywebview.
[2026-05-04 17:15:31] INFO     topchef_desktop – Starting pywebview event loop.
[2026-05-05 19:12:06] INFO     topchef_desktop – Starting Top Chef Enterprise POS...
[2026-05-05 19:12:06] INFO     topchef_desktop – Splash: Initialising Tkinter...
[2026-05-05 19:12:07] INFO     topchef_desktop – Splash: Creating canvas...
[2026-05-05 19:12:07] INFO     topchef_desktop – Splash: Logo loaded successfully.
[2026-05-05 19:12:07] INFO     topchef_desktop – Splash: Entering mainloop.
[2026-05-05 19:12:09] INFO     topchef_desktop – Tray icon started
[2026-05-05 19:12:09] INFO     topchef_desktop – Launching desktop window via pywebview.
[2026-05-05 19:12:09] INFO     topchef_desktop – Starting pywebview event loop.
[2026-05-05 21:09:07] INFO     topchef_desktop – Starting Top Chef Enterprise POS...
[2026-05-05 21:09:07] INFO     topchef_desktop – Splash: Initialising Tkinter...
[2026-05-05 21:09:07] INFO     topchef_desktop – Splash: Creating canvas...
[2026-05-05 21:09:07] INFO     topchef_desktop – Splash: Logo loaded successfully.
[2026-05-05 21:09:07] INFO     topchef_desktop – Splash: Entering mainloop.
[2026-05-05 21:09:09] INFO     topchef_desktop – Tray icon started
[2026-05-05 21:09:09] INFO     topchef_desktop – Launching desktop window via pywebview.
[2026-05-05 21:09:09] INFO     topchef_desktop – Starting pywebview event loop.
[2026-05-06 00:55:30] INFO     topchef_desktop – Starting Top Chef Enterprise POS...
[2026-05-06 00:55:30] INFO     topchef_desktop – Splash: Initialising Tkinter...
[2026-05-06 00:55:31] INFO     topchef_desktop – Splash: Creating canvas...
[2026-05-06 00:55:31] INFO     topchef_desktop – Splash: Logo loaded successfully.
[2026-05-06 00:55:31] INFO     topchef_desktop – Splash: Entering mainloop.
[2026-05-06 00:55:32] INFO     topchef_desktop – Tray icon started
[2026-05-06 00:55:32] INFO     topchef_desktop – Launching desktop window via pywebview.
[2026-05-06 00:55:32] INFO     topchef_desktop – Starting pywebview event loop.
[2026-05-06 00:58:23] INFO     topchef_desktop – Starting Top Chef Enterprise POS...
[2026-05-06 00:58:23] INFO     topchef_desktop – Splash: Initialising Tkinter...
[2026-05-06 00:58:23] INFO     topchef_desktop – Splash: Creating canvas...
[2026-05-06 00:58:23] INFO     topchef_desktop – Splash: Logo loaded successfully.
[2026-05-06 00:58:23] INFO     topchef_desktop – Splash: Entering mainloop.
[2026-05-06 00:58:25] INFO     topchef_desktop – Tray icon started
[2026-05-06 00:58:25] INFO     topchef_desktop – Launching desktop window via pywebview.
[2026-05-06 00:58:25] INFO     topchef_desktop – Starting pywebview event loop.
[2026-05-06 01:06:06] INFO     topchef_desktop – Starting Top Chef Enterprise POS...
[2026-05-06 01:06:06] INFO     topchef_desktop – Splash: Initialising Tkinter...
[2026-05-06 01:06:06] INFO     topchef_desktop – Splash: Creating canvas...
[2026-05-06 01:06:06] INFO     topchef_desktop – Splash: Logo loaded successfully.
[2026-05-06 01:06:06] INFO     topchef_desktop – Splash: Entering mainloop.
[2026-05-06 01:06:08] INFO     topchef_desktop – Tray icon started
[2026-05-06 01:06:08] INFO     topchef_desktop – Launching desktop window via pywebview.
[2026-05-06 01:06:08] INFO     topchef_desktop – Starting pywebview event loop.
[2026-05-06 01:12:03] INFO     topchef_desktop – Starting Top Chef Enterprise POS...
[2026-05-06 01:12:03] INFO     topchef_desktop – Splash: Initialising Tkinter...
[2026-05-06 01:12:03] INFO     topchef_desktop – Splash: Creating canvas...
[2026-05-06 01:12:03] INFO     topchef_desktop – Splash: Logo loaded successfully.
[2026-05-06 01:12:03] INFO     topchef_desktop – Splash: Entering mainloop.
[2026-05-06 01:12:28] INFO     topchef_desktop – Starting Top Chef Enterprise POS...
[2026-05-06 01:12:28] INFO     topchef_desktop – Splash: Initialising Tkinter...
[2026-05-06 01:12:28] INFO     topchef_desktop – Splash: Creating canvas...
[2026-05-06 01:12:28] INFO     topchef_desktop – Splash: Logo loaded successfully.
[2026-05-06 01:12:28] INFO     topchef_desktop – Splash: Entering mainloop.
[2026-05-06 01:12:48] INFO     topchef_desktop – Starting Top Chef Enterprise POS...
[2026-05-06 01:12:48] INFO     topchef_desktop – Splash: Initialising Tkinter...
[2026-05-06 01:12:48] INFO     topchef_desktop – Splash: Creating canvas...
[2026-05-06 01:12:48] INFO     topchef_desktop – Splash: Logo loaded successfully.
[2026-05-06 01:12:48] INFO     topchef_desktop – Splash: Entering mainloop.
[2026-05-06 01:12:50] INFO     topchef_desktop – Tray icon started
[2026-05-06 01:12:50] INFO     topchef_desktop – Launching desktop window via pywebview.
[2026-05-06 01:12:50] INFO     topchef_desktop – Starting pywebview event loop.
[2026-05-06 02:47:45] INFO     topchef_desktop – Starting Top Chef Enterprise POS...
[2026-05-06 02:47:45] INFO     topchef_desktop – Splash: Initialising Tkinter...
[2026-05-06 02:47:45] INFO     topchef_desktop – Splash: Creating canvas...
[2026-05-06 02:47:45] INFO     topchef_desktop – Splash: Logo loaded successfully.
[2026-05-06 02:47:45] INFO     topchef_desktop – Splash: Entering mainloop.
[2026-05-06 02:48:34] INFO     topchef_desktop – Starting Top Chef Enterprise POS...
[2026-05-06 02:48:34] INFO     topchef_desktop – Splash: Initialising Tkinter...
[2026-05-06 02:48:34] INFO     topchef_desktop – Splash: Creating canvas...
[2026-05-06 02:48:34] INFO     topchef_desktop – Splash: Logo loaded successfully.
[2026-05-06 02:48:34] INFO     topchef_desktop – Splash: Entering mainloop.
[2026-05-06 02:48:36] INFO     topchef_desktop – Tray icon started
[2026-05-06 02:48:36] INFO     topchef_desktop – Launching desktop window via pywebview.
[2026-05-06 02:48:36] INFO     topchef_desktop – Starting pywebview event loop.
[2026-05-06 02:49:08] INFO     topchef_desktop – Starting Top Chef Enterprise POS...
[2026-05-06 02:49:08] INFO     topchef_desktop – Splash: Initialising Tkinter...
[2026-05-06 02:49:08] INFO     topchef_desktop – Splash: Creating canvas...
[2026-05-06 02:49:08] INFO     topchef_desktop – Splash: Logo loaded successfully.
[2026-05-06 02:49:08] INFO     topchef_desktop – Splash: Entering mainloop.
[2026-05-06 02:49:10] INFO     topchef_desktop – Tray icon started
[2026-05-06 02:49:10] INFO     topchef_desktop – Launching desktop window via pywebview.
[2026-05-06 02:49:10] INFO     topchef_desktop – Starting pywebview event loop.
[2026-05-06 02:55:23] INFO     topchef_desktop – Starting Top Chef Enterprise POS...
[2026-05-06 02:55:23] INFO     topchef_desktop – Splash: Initialising Tkinter...
[2026-05-06 02:55:23] INFO     topchef_desktop – Splash: Creating canvas...
[2026-05-06 02:55:23] INFO     topchef_desktop – Splash: Logo loaded successfully.
[2026-05-06 02:55:23] INFO     topchef_desktop – Splash: Entering mainloop.
[2026-05-06 02:55:24] INFO     topchef_desktop – Tray icon started
[2026-05-06 02:55:24] INFO     topchef_desktop – Launching desktop window via pywebview.
[2026-05-06 02:55:25] INFO     topchef_desktop – Starting pywebview event loop.
[2026-05-06 15:38:50] INFO     topchef_desktop – Starting Top Chef Enterprise POS...
[2026-05-06 15:38:50] INFO     topchef_desktop – Splash: Initialising Tkinter...
[2026-05-06 15:38:50] INFO     topchef_desktop – Splash: Creating canvas...
[2026-05-06 15:38:50] INFO     topchef_desktop – Splash: Logo loaded successfully.
[2026-05-06 15:38:50] INFO     topchef_desktop – Splash: Entering mainloop.
[2026-05-06 15:38:53] INFO     topchef_desktop – Tray icon started
[2026-05-06 15:38:53] INFO     topchef_desktop – Launching desktop window via pywebview.
[2026-05-06 15:38:53] INFO     topchef_desktop – Starting pywebview event loop.
[2026-05-06 15:48:52] INFO     topchef_desktop – Starting Top Chef Enterprise POS...
[2026-05-06 15:48:52] INFO     topchef_desktop – Splash: Initialising Tkinter...
[2026-05-06 15:48:53] INFO     topchef_desktop – Splash: Creating canvas...
[2026-05-06 15:48:53] INFO     topchef_desktop – Splash: Logo loaded successfully.
[2026-05-06 15:48:53] INFO     topchef_desktop – Splash: Entering mainloop.
[2026-05-06 15:48:54] INFO     topchef_desktop – Tray icon started
[2026-05-06 15:48:54] INFO     topchef_desktop – Launching desktop window via pywebview.
[2026-05-06 15:48:54] INFO     topchef_desktop – Starting pywebview event loop.
[2026-05-06 15:49:55] INFO     topchef_desktop – 📤 Outbox: Successfully synced 6 events to cloud.
[2026-05-06 15:49:55] INFO     topchef_desktop – 📡 WebSocket inactive. Performing fallback HTTP poll for online orders...
[2026-05-06 15:50:55] INFO     topchef_desktop – 📡 WebSocket inactive. Performing fallback HTTP poll for online orders...
[2026-05-06 15:52:55] INFO     topchef_desktop – 📡 WebSocket inactive. Performing fallback HTTP poll for online orders...
[2026-05-06 15:53:55] INFO     topchef_desktop – 📡 WebSocket inactive. Performing fallback HTTP poll for online orders...
[2026-05-06 15:54:55] INFO     topchef_desktop – 📡 WebSocket inactive. Performing fallback HTTP poll for online orders...
[2026-05-06 15:55:22] INFO     topchef_desktop – 📤 Outbox: Successfully synced 2 events to cloud.
[2026-05-06 15:56:22] INFO     topchef_desktop – 📡 WebSocket inactive. Performing fallback HTTP poll for online orders...
[2026-05-06 15:57:22] INFO     topchef_desktop – 📡 WebSocket inactive. Performing fallback HTTP poll for online orders...
[2026-05-06 15:58:22] INFO     topchef_desktop – 📡 WebSocket inactive. Performing fallback HTTP poll for online orders...
[2026-05-06 15:58:32] INFO     topchef_desktop – 📤 Outbox: Successfully synced 1 events to cloud.
[2026-05-06 15:59:32] INFO     topchef_desktop – 📡 WebSocket inactive. Performing fallback HTTP poll for online orders...
[2026-05-06 16:00:32] INFO     topchef_desktop – 📡 WebSocket inactive. Performing fallback HTTP poll for online orders...
[2026-05-06 16:01:32] INFO     topchef_desktop – 📡 WebSocket inactive. Performing fallback HTTP poll for online orders...
[2026-05-06 16:02:32] INFO     topchef_desktop – 📡 WebSocket inactive. Performing fallback HTTP poll for online orders...
[2026-05-06 16:03:32] INFO     topchef_desktop – 📡 WebSocket inactive. Performing fallback HTTP poll for online orders...
[2026-05-06 16:04:32] INFO     topchef_desktop – 📡 WebSocket inactive. Performing fallback HTTP poll for online orders...
[2026-05-06 16:04:41] INFO     topchef_desktop – Starting Top Chef Enterprise POS...
[2026-05-06 16:04:41] INFO     topchef_desktop – Splash: Initialising Tkinter...
[2026-05-06 16:04:41] INFO     topchef_desktop – Splash: Creating canvas...
[2026-05-06 16:04:41] INFO     topchef_desktop – Splash: Logo loaded successfully.
[2026-05-06 16:04:41] INFO     topchef_desktop – Splash: Entering mainloop.
[2026-05-06 16:04:43] INFO     topchef_desktop – Tray icon started
[2026-05-06 16:04:43] INFO     topchef_desktop – Launching desktop window via pywebview.
[2026-05-06 16:04:43] INFO     topchef_desktop – Starting pywebview event loop.
[2026-05-06 17:17:27] INFO     topchef_desktop – Starting Top Chef Enterprise POS...
[2026-05-06 17:17:27] INFO     topchef_desktop – Splash: Initialising Tkinter...
[2026-05-06 17:17:27] INFO     topchef_desktop – Splash: Creating canvas...
[2026-05-06 17:17:27] INFO     topchef_desktop – Splash: Logo loaded successfully.
[2026-05-06 17:17:27] INFO     topchef_desktop – Splash: Entering mainloop.
[2026-05-06 17:17:29] INFO     topchef_desktop – Tray icon started
[2026-05-06 17:17:29] INFO     topchef_desktop – Launching desktop window via pywebview.
[2026-05-06 17:17:29] INFO     topchef_desktop – Starting pywebview event loop.
[2026-05-06 17:17:50] ERROR    topchef_desktop – Desktop background sync loop failed: (sqlite3.IntegrityError) UNIQUE constraint failed: products.id
[SQL: INSERT INTO products (id, cat_id, product_name, product_type, description, is_available, created_at, update_at) VALUES (?, ?, ?, ?, ?, ?, ?, ?)]
[parameters: (52, 5, 'كبدة وكلاوي مقلي(طاسة)', 'VARIANT', '', 1, '2026-04-18 23:49:50.147781', '2026-05-05 23:16:55.692278')]
(Background on this error at: https://sqlalche.me/e/20/gkpj)
[2026-05-06 17:17:52] ERROR    topchef_desktop – Desktop background sync loop failed: (sqlite3.IntegrityError) UNIQUE constraint failed: products.id
[SQL: INSERT INTO products (id, cat_id, product_name, product_type, description, is_available, created_at, update_at) VALUES (?, ?, ?, ?, ?, ?, ?, ?)]
[parameters: (52, 5, 'كبدة وكلاوي مقلي(طاسة)', 'VARIANT', '', 1, '2026-04-18 23:49:50.147781', '2026-05-05 23:16:55.692278')]
(Background on this error at: https://sqlalche.me/e/20/gkpj)
[2026-05-06 17:17:55] ERROR    topchef_desktop – Desktop background sync loop failed: (sqlite3.IntegrityError) UNIQUE constraint failed: products.id
[SQL: INSERT INTO products (id, cat_id, product_name, product_type, description, is_available, created_at, update_at) VALUES (?, ?, ?, ?, ?, ?, ?, ?)]
[parameters: (52, 5, 'كبدة وكلاوي مقلي(طاسة)', 'VARIANT', '', 1, '2026-04-18 23:49:50.147781', '2026-05-05 23:16:55.692278')]
(Background on this error at: https://sqlalche.me/e/20/gkpj)
[2026-05-06 17:17:57] ERROR    topchef_desktop – Desktop background sync loop failed: (sqlite3.IntegrityError) UNIQUE constraint failed: products.id
[SQL: INSERT INTO products (id, cat_id, product_name, product_type, description, is_available, created_at, update_at) VALUES (?, ?, ?, ?, ?, ?, ?, ?)]
[parameters: (52, 5, 'كبدة وكلاوي مقلي(طاسة)', 'VARIANT', '', 1, '2026-04-18 23:49:50.147781', '2026-05-05 23:16:55.692278')]
(Background on this error at: https://sqlalche.me/e/20/gkpj)
[2026-05-06 17:17:59] ERROR    topchef_desktop – Desktop background sync loop failed: (sqlite3.IntegrityError) UNIQUE constraint failed: products.id
[SQL: INSERT INTO products (id, cat_id, product_name, product_type, description, is_available, created_at, update_at) VALUES (?, ?, ?, ?, ?, ?, ?, ?)]
[parameters: (52, 5, 'كبدة وكلاوي مقلي(طاسة)', 'VARIANT', '', 1, '2026-04-18 23:49:50.147781', '2026-05-05 23:16:55.692278')]
(Background on this error at: https://sqlalche.me/e/20/gkpj)
[2026-05-06 17:18:01] ERROR    topchef_desktop – Desktop background sync loop failed: (sqlite3.IntegrityError) UNIQUE constraint failed: products.id
[SQL: INSERT INTO products (id, cat_id, product_name, product_type, description, is_available, created_at, update_at) VALUES (?, ?, ?, ?, ?, ?, ?, ?)]
[parameters: (52, 5, 'كبدة وكلاوي مقلي(طاسة)', 'VARIANT', '', 1, '2026-04-18 23:49:50.147781', '2026-05-05 23:16:55.692278')]
(Background on this error at: https://sqlalche.me/e/20/gkpj)
[2026-05-06 17:18:04] ERROR    topchef_desktop – Desktop background sync loop failed: (sqlite3.IntegrityError) UNIQUE constraint failed: products.id
[SQL: INSERT INTO products (id, cat_id, product_name, product_type, description, is_available, created_at, update_at) VALUES (?, ?, ?, ?, ?, ?, ?, ?)]
[parameters: (52, 5, 'كبدة وكلاوي مقلي(طاسة)', 'VARIANT', '', 1, '2026-04-18 23:49:50.147781', '2026-05-05 23:16:55.692278')]
(Background on this error at: https://sqlalche.me/e/20/gkpj)
[2026-05-06 17:18:06] ERROR    topchef_desktop – Desktop background sync loop failed: (sqlite3.IntegrityError) UNIQUE constraint failed: products.id
[SQL: INSERT INTO products (id, cat_id, product_name, product_type, description, is_available, created_at, update_at) VALUES (?, ?, ?, ?, ?, ?, ?, ?)]
[parameters: (52, 5, 'كبدة وكلاوي مقلي(طاسة)', 'VARIANT', '', 1, '2026-04-18 23:49:50.147781', '2026-05-05 23:16:55.692278')]
(Background on this error at: https://sqlalche.me/e/20/gkpj)
[2026-05-06 17:18:08] ERROR    topchef_desktop – Desktop background sync loop failed: (sqlite3.IntegrityError) UNIQUE constraint failed: products.id
[SQL: INSERT INTO products (id, cat_id, product_name, product_type, description, is_available, created_at, update_at) VALUES (?, ?, ?, ?, ?, ?, ?, ?)]
[parameters: (52, 5, 'كبدة وكلاوي مقلي(طاسة)', 'VARIANT', '', 1, '2026-04-18 23:49:50.147781', '2026-05-05 23:16:55.692278')]
(Background on this error at: https://sqlalche.me/e/20/gkpj)
[2026-05-06 17:18:10] ERROR    topchef_desktop – Desktop background sync loop failed: (sqlite3.IntegrityError) UNIQUE constraint failed: products.id
[SQL: INSERT INTO products (id, cat_id, product_name, product_type, description, is_available, created_at, update_at) VALUES (?, ?, ?, ?, ?, ?, ?, ?)]
[parameters: (52, 5, 'كبدة وكلاوي مقلي(طاسة)', 'VARIANT', '', 1, '2026-04-18 23:49:50.147781', '2026-05-05 23:16:55.692278')]
(Background on this error at: https://sqlalche.me/e/20/gkpj)
[2026-05-06 17:18:12] ERROR    topchef_desktop – Desktop background sync loop failed: (sqlite3.IntegrityError) UNIQUE constraint failed: products.id
[SQL: INSERT INTO products (id, cat_id, product_name, product_type, description, is_available, created_at, update_at) VALUES (?, ?, ?, ?, ?, ?, ?, ?)]
[parameters: (52, 5, 'كبدة وكلاوي مقلي(طاسة)', 'VARIANT', '', 1, '2026-04-18 23:49:50.147781', '2026-05-05 23:16:55.692278')]
(Background on this error at: https://sqlalche.me/e/20/gkpj)
[2026-05-06 17:18:15] ERROR    topchef_desktop – Desktop background sync loop failed: (sqlite3.IntegrityError) UNIQUE constraint failed: products.id
[SQL: INSERT INTO products (id, cat_id, product_name, product_type, description, is_available, created_at, update_at) VALUES (?, ?, ?, ?, ?, ?, ?, ?)]
[parameters: (52, 5, 'كبدة وكلاوي مقلي(طاسة)', 'VARIANT', '', 1, '2026-04-18 23:49:50.147781', '2026-05-05 23:16:55.692278')]
(Background on this error at: https://sqlalche.me/e/20/gkpj)
[2026-05-06 17:18:17] ERROR    topchef_desktop – Desktop background sync loop failed: (sqlite3.IntegrityError) UNIQUE constraint failed: products.id
[SQL: INSERT INTO products (id, cat_id, product_name, product_type, description, is_available, created_at, update_at) VALUES (?, ?, ?, ?, ?, ?, ?, ?)]
[parameters: (52, 5, 'كبدة وكلاوي مقلي(طاسة)', 'VARIANT', '', 1, '2026-04-18 23:49:50.147781', '2026-05-05 23:16:55.692278')]
(Background on this error at: https://sqlalche.me/e/20/gkpj)
[2026-05-06 17:18:19] ERROR    topchef_desktop – Desktop background sync loop failed: (sqlite3.IntegrityError) UNIQUE constraint failed: products.id
[SQL: INSERT INTO products (id, cat_id, product_name, product_type, description, is_available, created_at, update_at) VALUES (?, ?, ?, ?, ?, ?, ?, ?)]
[parameters: (52, 5, 'كبدة وكلاوي مقلي(طاسة)', 'VARIANT', '', 1, '2026-04-18 23:49:50.147781', '2026-05-05 23:16:55.692278')]
(Background on this error at: https://sqlalche.me/e/20/gkpj)
[2026-05-06 17:18:20] INFO     topchef_desktop – 📤 Outbox: Successfully synced 2 events to cloud.
[2026-05-06 17:18:21] ERROR    topchef_desktop – Desktop background sync loop failed: (sqlite3.IntegrityError) UNIQUE constraint failed: products.id
[SQL: INSERT INTO products (id, cat_id, product_name, product_type, description, is_available, created_at, update_at) VALUES (?, ?, ?, ?, ?, ?, ?, ?)]
[parameters: (52, 5, 'كبدة وكلاوي مقلي(طاسة)', 'VARIANT', '', 1, '2026-04-18 23:49:50.147781', '2026-05-05 23:16:55.692278')]
(Background on this error at: https://sqlalche.me/e/20/gkpj)
[2026-05-06 17:18:23] ERROR    topchef_desktop – Desktop background sync loop failed: (sqlite3.IntegrityError) UNIQUE constraint failed: products.id
[SQL: INSERT INTO products (id, cat_id, product_name, product_type, description, is_available, created_at, update_at) VALUES (?, ?, ?, ?, ?, ?, ?, ?)]
[parameters: (52, 5, 'كبدة وكلاوي مقلي(طاسة)', 'VARIANT', '', 1, '2026-04-18 23:49:50.147781', '2026-05-05 23:16:55.692278')]
(Background on this error at: https://sqlalche.me/e/20/gkpj)
[2026-05-06 17:18:25] ERROR    topchef_desktop – Desktop background sync loop failed: (sqlite3.IntegrityError) UNIQUE constraint failed: products.id
[SQL: INSERT INTO products (id, cat_id, product_name, product_type, description, is_available, created_at, update_at) VALUES (?, ?, ?, ?, ?, ?, ?, ?)]
[parameters: (52, 5, 'كبدة وكلاوي مقلي(طاسة)', 'VARIANT', '', 1, '2026-04-18 23:49:50.147781', '2026-05-05 23:16:55.692278')]
(Background on this error at: https://sqlalche.me/e/20/gkpj)
[2026-05-06 17:18:27] ERROR    topchef_desktop – Desktop background sync loop failed: (sqlite3.IntegrityError) UNIQUE constraint failed: products.id
[SQL: INSERT INTO products (id, cat_id, product_name, product_type, description, is_available, created_at, update_at) VALUES (?, ?, ?, ?, ?, ?, ?, ?)]
[parameters: (52, 5, 'كبدة وكلاوي مقلي(طاسة)', 'VARIANT', '', 1, '2026-04-18 23:49:50.147781', '2026-05-05 23:16:55.692278')]
(Background on this error at: https://sqlalche.me/e/20/gkpj)
[2026-05-06 17:18:29] ERROR    topchef_desktop – Desktop background sync loop failed: (sqlite3.IntegrityError) UNIQUE constraint failed: products.id
[SQL: INSERT INTO products (id, cat_id, product_name, product_type, description, is_available, created_at, update_at) VALUES (?, ?, ?, ?, ?, ?, ?, ?)]
[parameters: (52, 5, 'كبدة وكلاوي مقلي(طاسة)', 'VARIANT', '', 1, '2026-04-18 23:49:50.147781', '2026-05-05 23:16:55.692278')]
(Background on this error at: https://sqlalche.me/e/20/gkpj)
[2026-05-06 17:18:31] ERROR    topchef_desktop – Desktop background sync loop failed: (sqlite3.IntegrityError) UNIQUE constraint failed: products.id
[SQL: INSERT INTO products (id, cat_id, product_name, product_type, description, is_available, created_at, update_at) VALUES (?, ?, ?, ?, ?, ?, ?, ?)]
[parameters: (52, 5, 'كبدة وكلاوي مقلي(طاسة)', 'VARIANT', '', 1, '2026-04-18 23:49:50.147781', '2026-05-05 23:16:55.692278')]
(Background on this error at: https://sqlalche.me/e/20/gkpj)
[2026-05-06 17:18:34] ERROR    topchef_desktop – Desktop background sync loop failed: (sqlite3.IntegrityError) UNIQUE constraint failed: products.id
[SQL: INSERT INTO products (id, cat_id, product_name, product_type, description, is_available, created_at, update_at) VALUES (?, ?, ?, ?, ?, ?, ?, ?)]
[parameters: (52, 5, 'كبدة وكلاوي مقلي(طاسة)', 'VARIANT', '', 1, '2026-04-18 23:49:50.147781', '2026-05-05 23:16:55.692278')]
(Background on this error at: https://sqlalche.me/e/20/gkpj)
[2026-05-06 17:18:36] ERROR    topchef_desktop – Desktop background sync loop failed: (sqlite3.IntegrityError) UNIQUE constraint failed: products.id
[SQL: INSERT INTO products (id, cat_id, product_name, product_type, description, is_available, created_at, update_at) VALUES (?, ?, ?, ?, ?, ?, ?, ?)]
[parameters: (52, 5, 'كبدة وكلاوي مقلي(طاسة)', 'VARIANT', '', 1, '2026-04-18 23:49:50.147781', '2026-05-05 23:16:55.692278')]
(Background on this error at: https://sqlalche.me/e/20/gkpj)
[2026-05-06 17:18:38] ERROR    topchef_desktop – Desktop background sync loop failed: (sqlite3.IntegrityError) UNIQUE constraint failed: products.id
[SQL: INSERT INTO products (id, cat_id, product_name, product_type, description, is_available, created_at, update_at) VALUES (?, ?, ?, ?, ?, ?, ?, ?)]
[parameters: (52, 5, 'كبدة وكلاوي مقلي(طاسة)', 'VARIANT', '', 1, '2026-04-18 23:49:50.147781', '2026-05-05 23:16:55.692278')]
(Background on this error at: https://sqlalche.me/e/20/gkpj)
[2026-05-06 17:18:40] ERROR    topchef_desktop – Desktop background sync loop failed: (sqlite3.IntegrityError) UNIQUE constraint failed: products.id
[SQL: INSERT INTO products (id, cat_id, product_name, product_type, description, is_available, created_at, update_at) VALUES (?, ?, ?, ?, ?, ?, ?, ?)]
[parameters: (52, 5, 'كبدة وكلاوي مقلي(طاسة)', 'VARIANT', '', 1, '2026-04-18 23:49:50.147781', '2026-05-05 23:16:55.692278')]
(Background on this error at: https://sqlalche.me/e/20/gkpj)
[2026-05-06 17:18:42] ERROR    topchef_desktop – Desktop background sync loop failed: (sqlite3.IntegrityError) UNIQUE constraint failed: products.id
[SQL: INSERT INTO products (id, cat_id, product_name, product_type, description, is_available, created_at, update_at) VALUES (?, ?, ?, ?, ?, ?, ?, ?)]
[parameters: (52, 5, 'كبدة وكلاوي مقلي(طاسة)', 'VARIANT', '', 1, '2026-04-18 23:49:50.147781', '2026-05-05 23:16:55.692278')]
(Background on this error at: https://sqlalche.me/e/20/gkpj)
[2026-05-06 17:18:45] ERROR    topchef_desktop – Desktop background sync loop failed: (sqlite3.IntegrityError) UNIQUE constraint failed: products.id
[SQL: INSERT INTO products (id, cat_id, product_name, product_type, description, is_available, created_at, update_at) VALUES (?, ?, ?, ?, ?, ?, ?, ?)]
[parameters: (52, 5, 'كبدة وكلاوي مقلي(طاسة)', 'VARIANT', '', 1, '2026-04-18 23:49:50.147781', '2026-05-05 23:16:55.692278')]
(Background on this error at: https://sqlalche.me/e/20/gkpj)
[2026-05-06 17:18:47] ERROR    topchef_desktop – Desktop background sync loop failed: (sqlite3.IntegrityError) UNIQUE constraint failed: products.id
[SQL: INSERT INTO products (id, cat_id, product_name, product_type, description, is_available, created_at, update_at) VALUES (?, ?, ?, ?, ?, ?, ?, ?)]
[parameters: (52, 5, 'كبدة وكلاوي مقلي(طاسة)', 'VARIANT', '', 1, '2026-04-18 23:49:50.147781', '2026-05-05 23:16:55.692278')]
(Background on this error at: https://sqlalche.me/e/20/gkpj)
[2026-05-06 17:18:49] ERROR    topchef_desktop – Desktop background sync loop failed: (sqlite3.IntegrityError) UNIQUE constraint failed: products.id
[SQL: INSERT INTO products (id, cat_id, product_name, product_type, description, is_available, created_at, update_at) VALUES (?, ?, ?, ?, ?, ?, ?, ?)]
[parameters: (52, 5, 'كبدة وكلاوي مقلي(طاسة)', 'VARIANT', '', 1, '2026-04-18 23:49:50.147781', '2026-05-05 23:16:55.692278')]
(Background on this error at: https://sqlalche.me/e/20/gkpj)
[2026-05-06 17:18:51] ERROR    topchef_desktop – Desktop background sync loop failed: (sqlite3.IntegrityError) UNIQUE constraint failed: products.id
[SQL: INSERT INTO products (id, cat_id, product_name, product_type, description, is_available, created_at, update_at) VALUES (?, ?, ?, ?, ?, ?, ?, ?)]
[parameters: (52, 5, 'كبدة وكلاوي مقلي(طاسة)', 'VARIANT', '', 1, '2026-04-18 23:49:50.147781', '2026-05-05 23:16:55.692278')]
(Background on this error at: https://sqlalche.me/e/20/gkpj)
[2026-05-06 17:18:54] ERROR    topchef_desktop – Desktop background sync loop failed: (sqlite3.IntegrityError) UNIQUE constraint failed: products.id
[SQL: INSERT INTO products (id, cat_id, product_name, product_type, description, is_available, created_at, update_at) VALUES (?, ?, ?, ?, ?, ?, ?, ?)]
[parameters: (52, 5, 'كبدة وكلاوي مقلي(طاسة)', 'VARIANT', '', 1, '2026-04-18 23:49:50.147781', '2026-05-05 23:16:55.692278')]
(Background on this error at: https://sqlalche.me/e/20/gkpj)
[2026-05-06 17:18:56] ERROR    topchef_desktop – Desktop background sync loop failed: (sqlite3.IntegrityError) UNIQUE constraint failed: products.id
[SQL: INSERT INTO products (id, cat_id, product_name, product_type, description, is_available, created_at, update_at) VALUES (?, ?, ?, ?, ?, ?, ?, ?)]
[parameters: (52, 5, 'كبدة وكلاوي مقلي(طاسة)', 'VARIANT', '', 1, '2026-04-18 23:49:50.147781', '2026-05-05 23:16:55.692278')]
(Background on this error at: https://sqlalche.me/e/20/gkpj)
[2026-05-06 17:18:58] ERROR    topchef_desktop – Desktop background sync loop failed: (sqlite3.IntegrityError) UNIQUE constraint failed: products.id
[SQL: INSERT INTO products (id, cat_id, product_name, product_type, description, is_available, created_at, update_at) VALUES (?, ?, ?, ?, ?, ?, ?, ?)]
[parameters: (52, 5, 'كبدة وكلاوي مقلي(طاسة)', 'VARIANT', '', 1, '2026-04-18 23:49:50.147781', '2026-05-05 23:16:55.692278')]
(Background on this error at: https://sqlalche.me/e/20/gkpj)
[2026-05-06 17:19:00] ERROR    topchef_desktop – Desktop background sync loop failed: (sqlite3.IntegrityError) UNIQUE constraint failed: products.id
[SQL: INSERT INTO products (id, cat_id, product_name, product_type, description, is_available, created_at, update_at) VALUES (?, ?, ?, ?, ?, ?, ?, ?)]
[parameters: (52, 5, 'كبدة وكلاوي مقلي(طاسة)', 'VARIANT', '', 1, '2026-04-18 23:49:50.147781', '2026-05-05 23:16:55.692278')]
(Background on this error at: https://sqlalche.me/e/20/gkpj)
[2026-05-06 17:19:03] ERROR    topchef_desktop – Desktop background sync loop failed: (sqlite3.IntegrityError) UNIQUE constraint failed: products.id
[SQL: INSERT INTO products (id, cat_id, product_name, product_type, description, is_available, created_at, update_at) VALUES (?, ?, ?, ?, ?, ?, ?, ?)]
[parameters: (52, 5, 'كبدة وكلاوي مقلي(طاسة)', 'VARIANT', '', 1, '2026-04-18 23:49:50.147781', '2026-05-05 23:16:55.692278')]
(Background on this error at: https://sqlalche.me/e/20/gkpj)
[2026-05-06 17:19:05] ERROR    topchef_desktop – Desktop background sync loop failed: (sqlite3.IntegrityError) UNIQUE constraint failed: products.id
[SQL: INSERT INTO products (id, cat_id, product_name, product_type, description, is_available, created_at, update_at) VALUES (?, ?, ?, ?, ?, ?, ?, ?)]
[parameters: (52, 5, 'كبدة وكلاوي مقلي(طاسة)', 'VARIANT', '', 1, '2026-04-18 23:49:50.147781', '2026-05-05 23:16:55.692278')]
(Background on this error at: https://sqlalche.me/e/20/gkpj)
[2026-05-06 17:23:44] INFO     topchef_desktop – Starting Top Chef Enterprise POS...
[2026-05-06 17:23:44] INFO     topchef_desktop – Splash: Initialising Tkinter...
[2026-05-06 17:23:45] INFO     topchef_desktop – Splash: Creating canvas...
[2026-05-06 17:23:45] INFO     topchef_desktop – Splash: Logo loaded successfully.
[2026-05-06 17:23:45] INFO     topchef_desktop – Splash: Entering mainloop.
[2026-05-06 17:23:46] INFO     topchef_desktop – Tray icon started
[2026-05-06 17:23:46] INFO     topchef_desktop – Launching desktop window via pywebview.
[2026-05-06 17:23:46] INFO     topchef_desktop – Starting pywebview event loop.
[2026-05-06 17:24:22] INFO     topchef_desktop – Cloud reconciliation applied 653 rows: {'users': 9, 'categories': 12, 'products': 76, 'variants': 150, 'offers': 0, 'app_settings': 1, 'customers': 381, 'customer_addresses': 2, 'comments': 6, 'orders': 6, 'order_items': 10, 'order_status_history': 0}
[2026-05-06 17:25:23] INFO     topchef_desktop – Cloud reconciliation applied 167 rows: {'users': 0, 'categories': 0, 'products': 0, 'variants': 150, 'offers': 0, 'app_settings': 1, 'customers': 0, 'customer_addresses': 0, 'comments': 0, 'orders': 6, 'order_items': 10, 'order_status_history': 0}
